// Jest Snapshot v1, https://goo.gl/fbAQLP

exports[`<RoundButton /> should render and match the snapshot 1`] = `
.c0 {
  background: linear-gradient(45deg,#fe6b8b 30%,#ff8e53 90%);
  border-radius: 100%;
  border: 0;
  color: white;
  height: 48px;
  width: 48px;
  box-shadow: 0 3px 5px 2px rgba(255,105,135,0.3);
}

<button
  class="MuiButtonBase-root MuiButton-root c0 MuiButton-text"
  tabindex="0"
  type="button"
>
  <span
    class="MuiButton-label"
  >
    .
  </span>
  <span
    class="MuiTouchRipple-root"
  />
</button>
`;
