// Jest Snapshot v1, https://goo.gl/fbAQLP

exports[`<NonStyleLink /> should render and match the snapshot 1`] = `
<a
  class="sc-bdVaJa fxslth"
/>
`;
