// Jest Snapshot v1, https://goo.gl/fbAQLP

exports[`<NavBar /> should render and match the snapshot 1`] = `
.c0 {
  backgroud-color: black;
  color: white;
  font-family: Roboto;
}

.c1 {
  margin-left: auto;
}

<div
  class="NavBar"
>
  <header
    class="MuiPaper-root MuiPaper-elevation4 MuiAppBar-root MuiAppBar-positionFixed c0 MuiAppBar-colorPrimary mui-fixed"
  >
    <div
      class="MuiToolbar-root MuiToolbar-regular MuiToolbar-gutters"
    >
      <h4
        class="MuiTypography-root MuiTypography-h4"
      >
        G221 Notes&Tasks
      </h4>
      <button
        class="MuiButtonBase-root MuiButton-root c1 MuiButton-text"
        tabindex="0"
        type="button"
      >
        <span
          class="MuiButton-label"
        >
          Login
        </span>
        <span
          class="MuiTouchRipple-root"
        />
      </button>
    </div>
  </header>
</div>
`;
